@font-face {
font-family: 'Roboto Slab Regular';
src: url('RobotoSlab-Regular.eot');
src: url('RobotoSlab-Regular.eot?#iefix') format('embedded-opentype'),
url('RobotoSlab-Regular.woff') format('woff'),
url('RobotoSlab-Regular.ttf') format('truetype');
font-weight: normal;
font-style: normal;
}


.box-name {font-family: 'Roboto Slab Regular';}
