@font-face {
font-family: 'Montserrat Regular';
src: url('Montserrat-Regular.eot');
src: url('Montserrat-Regular.eot?#iefix') format('embedded-opentype'),
url('Montserrat-Regular.woff') format('woff'),
url('Montserrat-Regular.ttf') format('truetype');
font-weight: normal;
font-style: normal;
}


.box-name {font-family: 'Montserrat Regular';}