@font-face {
font-family: 'Montserrat Bold';
src: url('Montserrat-ExtraBold.eot');
src: url('Montserrat-ExtraBold.eot?#iefix') format('embedded-opentype'),
url('Montserrat-ExtraBold.woff') format('woff'),
url('Montserrat-ExtraBold.ttf') format('truetype');
font-weight: normal;
font-style: normal;
}



.box-name {font-family: 'Montserrat Bold';}