<!DOCTYPE html>
<html lang="en">
<head>
	<meta charset="UTF-8">
	<meta name="viewport" content="width=device-width, initial-scale=1">
	
	<title>Golden</title>

	<!-- favicon -->
	<link rel="apple-touch-icon" sizes="76x76" href="icons/logo/apple-touch-icon.png">
	<link rel="icon" type="image/png" sizes="32x32" href="icons/logo/favicon-32x32.png">
	<link rel="icon" type="image/png" sizes="16x16" href="icons/logo/favicon-16x16.png">
	<link rel="manifest" href="icons/logo/site.webmanifest">
	<link rel="mask-icon" href="icons/logo/safari-pinned-tab.svg" color="#5bbad5">
	<meta name="msapplication-TileColor" content="#ffc40d">
	<meta name="theme-color" content="#ffffff">

	<link rel="stylesheet" href="css/jquery-ui.min.css">
	<link rel="stylesheet" href="css/aos.css">
	<link rel="stylesheet" href="css/style-aos.css">
	
	<link rel="stylesheet" href="css/style.css">
</head>
<body>

<div class="header">
	<a href="#" class="logo"><img src="icons/logo.png" alt="No image"></a>
	<ul class="menu" id='menu' data-offset-top="120" data-spy="affix">
		<li class="desktop"><a href="#home">home</a></li>
		<li class="desktop"><a href="#services">services</a></li>
		<li class="desktop"><a href="#portfolio">portfolio</a></li>
		<li class="desktop"><a href="#about">about</a></li>
		<li class="desktop"><a href="#contact">contact</a></li>
	</ul>

	<div class="hamburger-wrapper">
	</div>
</div>
<div class="mobile-menu-wrapper">
	<div class="mobile-menu">
		<ul>
			<li><a href="#home">home</a></li>
			<li><a href="#services">services</a></li>
			<li><a href="#portfolio">portfolio</a></li>
			<li><a href="#about">about</a></li>
			<li><a href="#contact">contact</a></li>
		</ul>
	</div>
</div>
<div class="main" id="home">
	<div class="bg"></div>
	<div class="welcome-text">
		<h2>Welcome To Our Studio!</h2>
		<h1>It's nice to meet you</h1>
		<div class="button">
			<a href="#">tell me more</a>
		</div>
	</div>
</div>
<div class="content">
	<div class="services" id="services">
			<h2>services</h2>
			<h4>Proin iaculis purus consequat sem cure.</h4>
			<div class="wrapper">
				<div class="grid">
					<div class="col">
						<div class="card-services">
							<img src="img/E-Commerce.png" alt="No image">
							<h3>E-Commerce</h3>
							<p>Proin iaculis purus consequat sem cure 
								digni ssim. Donec porttitora entum suscipit 
								aenean rhoncus posuere odio in tincidunt.
							</p>
						</div>
					</div>
					<div class="col">
						<div class="card-services">
							<img src="img/Responsive Web.png" alt="No image">
							<h3>Responsive Web</h3>
							<p>Proin iaculis purus consequat sem cure 
								digni ssim. Donec porttitora entum suscipit 
								aenean rhoncus posuere odio in tincidunt.
							</p>
						</div>
					</div>
					<div class="col">
						<div class="card-services">
							<img src="img/Web Security.png" alt="No image">
							<h3>Web Security</h3>
							<p>Proin iaculis purus consequat sem cure 
								digni ssim. Donec porttitora entum suscipit 
								aenean rhoncus posuere odio in tincidunt.
							</p>
						</div>
					</div>
				</div>
			</div>
	</div>
	<div class="portfolio" id="portfolio">
		<h2>Our	porfolio</h2>
		<h4>Proin iaculis purus consequat sem cure.</h4>
		<div class="wrapper">
			<div class="grid">
				<div class="col">
					<div class="work-card">
						<div class="work-image">
							<img src="img/Image1.png" alt="No Image">
						</div>
						<div class="overlay">
							<div class="overlay-content">
								<h3>Some title</h3>
								<p>
									Lorem ipsum dolor 
									sit amet consectetur 
									adipisicing elit. 
									Iure earum tempore 
									ut enim animi
								</p>
							</div>
						</div>
						<h3>Ebony & Ivory</h3>
						<p>Print Design</p>
					</div>
				</div>
				<div class="col">
					<div class="work-card">
						<div class="work-image">
							<img src="img/Image2.png" alt="No Image">
						</div>
						<div class="overlay">
							<div class="overlay-content">
								<h3>Some title</h3>
								<p>
									Lorem ipsum dolor 
									sit amet consectetur 
									adipisicing elit. 
									Iure earum tempore 
									ut enim animi
								</p>
							</div>
						</div>
						<h3>Smart Stationary</h3>
						<p>Branding</p>
					</div>
				</div>
				<div class="col">
					<div class="work-card">
						<div class="work-image">
							<img src="img/Image3.png" alt="No Image">
						</div>
						<div class="overlay">
							<div class="overlay-content">
								<h3>Some title</h3>
								<p>
									Lorem ipsum dolor 
									sit amet consectetur 
									adipisicing elit. 
									Iure earum tempore 
									ut enim animi
								</p>
							</div>
						</div>
						<h3>Clever Poster </h3>
						<p>Print Design</p>
					</div>
				</div>
				<div class="col">
					<div class="work-card">
						<div class="work-image">
							<img src="img/Image4.png" alt="No Image">
						</div>
						<div class="overlay">
							<div class="overlay-content">
								<h3>Some title</h3>
								<p>
									Lorem ipsum dolor 
									sit amet consectetur 
									adipisicing elit. 
									Iure earum tempore 
									ut enim animi
								</p>
							</div>
						</div>
						<h3>Vinyl Record</h3>
						<p>Product Mock-Up</p>
					</div>
				</div>
				<div class="col">
					<div class="work-card">
						<div class="work-image">
							<img src="img/Image5.png" alt="No Image">
						</div>
						<div class="overlay">
							<div class="overlay-content">
								<h3>Some title</h3>
								<p>
									Lorem ipsum dolor 
									sit amet consectetur 
									adipisicing elit. 
									Iure earum tempore 
									ut enim animi
								</p>
							</div>
						</div>
						<h3>Treehouse Template</h3>
						<p>Web Design</p>
					</div>
				</div>
				<div class="col">
					<div class="work-card">
						<div class="work-image">
							<img src="img/Image6.png" alt="No Image">
						</div>
						<div class="overlay">
							<div class="overlay-content">
								<h3>Some title</h3>
								<p>
									Lorem ipsum dolor 
									sit amet consectetur 
									adipisicing elit. 
									Iure earum tempore 
									ut enim animi
								</p>
							</div>
						</div>
						<h3>Burned Logo</h3>
						<p>Branding</p>
					</div>
				</div>
			</div>
		</div>
	</div>	
	<div class="about" id="about">
		<h2>About us</h2>
		<h4>Proin iaculis purus consequat sem cure.</h4>
		<div class="info-block-wr">
			<div class="info-block">
				<div class="block-photo">
					<a href="#"><img src="img/Image7.png" alt="No image"></a>
				</div>
				<div class="block-content-wr">
					<div class="block-content">
						<h3>July 2010</h3>
						<h4>Our Humble Beginningsr</h4>
						<p>Proin iaculis purus consequat sem cure <br>
							digni ssim. Donec porttitora entum suscipit <br> 
							aenean rhoncus posuere odio in tincidunt. Proin <br>
							iaculis purus consequat sem cure digni <br>
							ssim. Donec porttitora entum suscipit.
						</p>
					</div>
				</div>
			</div>
			<div class="info-block">
				<div class="block-photo">
					<a href="#"><img src="img/Image8.png" alt="No image"></a>
				</div>
				<div class="block-content-wr">
					<div class="block-content">
						<h3>January 2011</h3>
						<h4>Facing Startup Battles</h4>	
						<p>Proin iaculis purus consequat sem cure <br>
							digni ssim. Donec porttitora entum suscipit <br>
							aenean rhoncus posuere odio in tincidunt. Proin <br>
							iaculis purus consequat sem cure digni <br>
							ssim. Donec porttitora entum suscipit aenean <br>
							rhoncus posuere odio in tincidunt.
						</p>
					</div>
				</div>
			</div>
			<div class="info-block">
				<div class="block-photo">
					<a href=""><img src="img/Image9.png" alt="No image"></a>
				</div>
				<div class="block-content-wr">
					<div class="block-content">
						<h3>December 2012</h3>
						<h4>Enter The Dark Days</h4>							
						<p>Proin iaculis purus consequat sem cure <br>	
							digni ssim. 
							Donec porttitora entum suscipit <br>
							aenean rhoncus posuere odio in tincidunt. 
							Proin <br>
							iaculis purus consequat sem cure digni.
						</p>
					</div>
				</div>
			</div>
			<div class="info-block">
				<div class="block-photo">
					<a href="#"><img src="img/Image10.png" alt="No image"></a>
				</div>
				<div class="block-content-wr">
					<div class="block-content">
						<h3>february 2014</h3>
						<h4>Our Triumph</h4>								
						<p>Proin iaculis purus consequat sem cure <br>
							digni ssim. Donec porttitora entum suscipit <br>
							aenean rhoncus posuere odio in tincidunt. Proin <br>
							iaculis purus consequat sem cure digni <br>
							ssim. Donec porttitora entum suscipit aenean.
						</p>
					</div>
				</div>
			</div>
			<div class="info-block" id="block-btn">
				<div class="block-photo">
					<a href="#">Our <br>
								Story <br>
								Continues <br>
								 ...</a>
				</div>
				<div class="block-content-wr">
					<div class="block-content">
						<h3>							
						</h3>
						<p>
						</p>
					</div>
				</div>
			</div>
			<div class="info-block">
				<div class="block-photo">
					<a href="#"><img src="img/Image4.png" alt="No image"></a>
				</div>
				<div class="block-content-wr">
					<div class="block-content">
						<h3>Some new block</h3>
						<h4>Our Triumph</h4>								
						<p>Lorem ipsum dolor sit amet consectetur <br> 
						   adipisicing elit. Reprehenderit illum, <br>
						   minus quas soluta dolor veritatis <br>
						   nam nihil sapiente ea debitis. <br>
						   Laboriosam eveniet minus similique  <br>	
						   blanditiis iure fugiat fuga quasi iste.
						</p>
					</div>
				</div>
			</div>
			<div class="info-block">
				<div class="block-photo">
					<a href="#"><img src="img/Image6.png" alt="No image"></a>
				</div>
				<div class="block-content-wr">
					<div class="block-content">
						<h3>Some new block</h3>
						<h4>Our Triumph</h4>								
						<p>Lorem ipsum dolor sit amet <br>
							consectetur adipisicing elit.<br>  
							Reprehenderit illum, minus quas soluta <br>
							dolor veritatis nam nihil sapiente ea <br>
							debitis. Laboriosam eveniet minus <br>
							similique blanditiis iure fugiat <br>
							fuga quasi iste.
						</p>
					</div>
				</div>
			</div>
		</div>
	</div>
	<div class="team">
		<h2>Our amazing team</h2>
		<h4>Proin iaculis purus consequat sem cure.</h4>
		<div class="wrapper">
				<div class="grid">
					<div class="col">
						<div class="team-member-card">
							<!-- <div class="photo">
							</div> -->
							<div class="wrapp-rotate">  <!--t3d-->
								<div class="photo-rotate"> <!-- rotate-->
										<img src="img/Image13.png" alt="No image">
										<div class="text-rotate-wr">  <!-- text -->
											<div class="text-rotate"> <!-- pd  -->
												<p>Lorem, ipsum dolor 
												   sit amet consectetur 
												   adipisicing elit. 
												</p>
											</div>
										</div>
								</div>
							</div>
							<h3>Kimberly Thompson</h3>
							<p>Marketer</p>
							<div class="social-wrapper">
								<div class="social-img" id="twitter"></div>
								<div class="social-img" id="facebook"></div>
								<div class="social-img" id="pinterest"></div>
							</div>
						</div>
					</div>
					<div class="col">
						<div class="team-member-card">
							<!-- <div class="photo">
							</div> -->
							<div class="wrapp-rotate">  <!--t3d-->
								<div class="photo-rotate"> <!-- rotate-->
										<img src="img/Image12.png" alt="No image">
										<div class="text-rotate-wr">  <!-- text -->
											<div class="text-rotate"> <!-- pd  -->
												<p>Lorem, ipsum dolor 
												   sit amet consectetur 
												   adipisicing elit. 
												</p>
											</div>
										</div>
								</div>
							</div>
							<h3>Ricco Massimo</h3>
							<p>Coder</p>
							<div class="social-wrapper">
								<div class="social-img" id="twitter"></div>
								<div class="social-img" id="facebook"></div>
								<div class="social-img" id="google"></div>
							</div>
						</div>
					</div>
					<div class="col">
						<div class="team-member-card">
							<!-- <div class="photo">
							</div> -->
							<div class="wrapp-rotate">  <!--t3d-->
								<div class="photo-rotate"> <!-- rotate-->
										<img src="img/Image11.png" alt="No image">
										<div class="text-rotate-wr">  <!-- text -->
											<div class="text-rotate"> <!-- pd  -->
												<p>Lorem, ipsum dolor 
												   sit amet consectetur 
												   adipisicing elit. 
												</p>
											</div>
										</div>
								</div>
							</div>
							<h3>Uku Mason</h3>
							<p>Graphic Designer</p>
							<div class="social-wrapper">
								<div class="social-img" id="facebook"></div>
								<div class="social-img" id="pinterest"></div>
							</div>
						</div>
					</div>
					<p>Proin iaculis purus consequat sem cure  digni 
							ssim donec porttitora entum suscipit  
							aenean rhoncus posuere odio in 
							tincidunt proin iaculis.
					</p>
				</div>
		</div>
	</div> 
</div>
<div class="sponsors">
	<div class="sponsor-image">
		<img src="icons/Envato1.png" alt="No image">
	</div>
	<div class="sponsor-image">
		<img src="icons/WordPress.png" alt="No image">
	</div>
	<div class="sponsor-image">
		<img src="icons/Tuts+.png" alt="No image">
	</div>
	<div class="sponsor-image">
		<img src="icons/Microlancer copy.png" alt="No image">
	</div>
</div>

<div class="contact" id="contact">
	<h2>Contact us</h2>
	<h4>Proin iaculis purus consequat sem cure.</h4>
	<div class="form-wrapper">
		<div class="form">
			<input type="text" placeholder="your name *">
			<input type="email" placeholder="your e-mail *">
			<input type="text" placeholder="subject">
		</div>
		<div class="form">
			<textarea id="textarea_id" maxlength="216" placeholder="your message *"></textarea>
		</div>
	</div>
	<div class="button">
		<a href="#">Send message</a>
	</div>
</div>
<div class="footer">
		<div class="social-wrapper">
			<div class="social-img" id="twitter"></div>
			<div class="social-img" id="facebook"></div>
			<div class="social-img" id="pinterest"></div>
			<div class="social-img" id="google"></div>
		</div>
</div>


<div class="swipe" data-aos="fade-left" data-aos-anchor="#example-anchor" data-aos-offset="2500" data-aos-duration="1000">
	<img src="icons/swipe.png" alt="No image">
</div>

<script src="js/jquery-3.3.1.min.js"></script>
<script src="js/golden-mobile-menu.js"></script>	 
<script src="js/jquery.js"></script>
<script src="js/jquery-ui.min.js"></script>
<script src="js/aos.js"></script>
<script src="js/main-aos.js"></script>

<script src="js/main.js"></script>	
</body>
</html>